components/pages/guides/ChangePdfViewerMacGuide.tsx(134,88): error TS1382: Unexpected token. Did you mean `{'>'}` or `&gt;`?
components/pages/guides/ChangePdfViewerMacGuide.tsx(219,54): error TS1382: Unexpected token. Did you mean `{'>'}` or `&gt;`?
components/pages/guides/ChangePdfViewerMacGuide.tsx(219,64): error TS1382: Unexpected token. Did you mean `{'>'}` or `&gt;`?
components/pages/guides/ChangePdfViewerMacGuide.tsx(219,93): error TS1382: Unexpected token. Did you mean `{'>'}` or `&gt;`?
